Archive member included to satisfy reference by file (symbol)

c:/program files (x86)/atollic/truestudio for arm 8.1.0/armtools/bin/../lib/gcc/arm-atollic-eabi/6.3.1/../../../../arm-atollic-eabi/lib/armv7-m\libc_nano.a(lib_a-init.o)
                              startup\startup_stm32l152xe.o (__libc_init_array)
c:/program files (x86)/atollic/truestudio for arm 8.1.0/armtools/bin/../lib/gcc/arm-atollic-eabi/6.3.1/../../../../arm-atollic-eabi/lib/armv7-m\libc_nano.a(lib_a-sprintf.o)
                              Src\main.o (sprintf)
c:/program files (x86)/atollic/truestudio for arm 8.1.0/armtools/bin/../lib/gcc/arm-atollic-eabi/6.3.1/../../../../arm-atollic-eabi/lib/armv7-m\libc_nano.a(lib_a-impure.o)
                              c:/program files (x86)/atollic/truestudio for arm 8.1.0/armtools/bin/../lib/gcc/arm-atollic-eabi/6.3.1/../../../../arm-atollic-eabi/lib/armv7-m\libc_nano.a(lib_a-sprintf.o) (_impure_ptr)
c:/program files (x86)/atollic/truestudio for arm 8.1.0/armtools/bin/../lib/gcc/arm-atollic-eabi/6.3.1/../../../../arm-atollic-eabi/lib/armv7-m\libc_nano.a(lib_a-nano-svfprintf.o)
                              c:/program files (x86)/atollic/truestudio for arm 8.1.0/armtools/bin/../lib/gcc/arm-atollic-eabi/6.3.1/../../../../arm-atollic-eabi/lib/armv7-m\libc_nano.a(lib_a-sprintf.o) (_svfprintf_r)
c:/program files (x86)/atollic/truestudio for arm 8.1.0/armtools/bin/../lib/gcc/arm-atollic-eabi/6.3.1/../../../../arm-atollic-eabi/lib/armv7-m\libc_nano.a(lib_a-nano-vfprintf_i.o)
                              c:/program files (x86)/atollic/truestudio for arm 8.1.0/armtools/bin/../lib/gcc/arm-atollic-eabi/6.3.1/../../../../arm-atollic-eabi/lib/armv7-m\libc_nano.a(lib_a-nano-svfprintf.o) (_printf_i)
c:/program files (x86)/atollic/truestudio for arm 8.1.0/armtools/bin/../lib/gcc/arm-atollic-eabi/6.3.1/../../../../arm-atollic-eabi/lib/armv7-m\libc_nano.a(lib_a-memchr-stub.o)
                              c:/program files (x86)/atollic/truestudio for arm 8.1.0/armtools/bin/../lib/gcc/arm-atollic-eabi/6.3.1/../../../../arm-atollic-eabi/lib/armv7-m\libc_nano.a(lib_a-nano-svfprintf.o) (memchr)
c:/program files (x86)/atollic/truestudio for arm 8.1.0/armtools/bin/../lib/gcc/arm-atollic-eabi/6.3.1/../../../../arm-atollic-eabi/lib/armv7-m\libc_nano.a(lib_a-memcpy-stub.o)
                              c:/program files (x86)/atollic/truestudio for arm 8.1.0/armtools/bin/../lib/gcc/arm-atollic-eabi/6.3.1/../../../../arm-atollic-eabi/lib/armv7-m\libc_nano.a(lib_a-nano-svfprintf.o) (memcpy)
c:/program files (x86)/atollic/truestudio for arm 8.1.0/armtools/bin/../lib/gcc/arm-atollic-eabi/6.3.1/../../../../arm-atollic-eabi/lib/armv7-m\libc_nano.a(lib_a-memmove.o)
                              c:/program files (x86)/atollic/truestudio for arm 8.1.0/armtools/bin/../lib/gcc/arm-atollic-eabi/6.3.1/../../../../arm-atollic-eabi/lib/armv7-m\libc_nano.a(lib_a-nano-svfprintf.o) (memmove)
c:/program files (x86)/atollic/truestudio for arm 8.1.0/armtools/bin/../lib/gcc/arm-atollic-eabi/6.3.1/../../../../arm-atollic-eabi/lib/armv7-m\libc_nano.a(lib_a-nano-freer.o)
                              c:/program files (x86)/atollic/truestudio for arm 8.1.0/armtools/bin/../lib/gcc/arm-atollic-eabi/6.3.1/../../../../arm-atollic-eabi/lib/armv7-m\libc_nano.a(lib_a-nano-svfprintf.o) (_free_r)
c:/program files (x86)/atollic/truestudio for arm 8.1.0/armtools/bin/../lib/gcc/arm-atollic-eabi/6.3.1/../../../../arm-atollic-eabi/lib/armv7-m\libc_nano.a(lib_a-nano-mallocr.o)
                              c:/program files (x86)/atollic/truestudio for arm 8.1.0/armtools/bin/../lib/gcc/arm-atollic-eabi/6.3.1/../../../../arm-atollic-eabi/lib/armv7-m\libc_nano.a(lib_a-nano-svfprintf.o) (_malloc_r)
c:/program files (x86)/atollic/truestudio for arm 8.1.0/armtools/bin/../lib/gcc/arm-atollic-eabi/6.3.1/../../../../arm-atollic-eabi/lib/armv7-m\libc_nano.a(lib_a-nano-reallocr.o)
                              c:/program files (x86)/atollic/truestudio for arm 8.1.0/armtools/bin/../lib/gcc/arm-atollic-eabi/6.3.1/../../../../arm-atollic-eabi/lib/armv7-m\libc_nano.a(lib_a-nano-svfprintf.o) (_realloc_r)
c:/program files (x86)/atollic/truestudio for arm 8.1.0/armtools/bin/../lib/gcc/arm-atollic-eabi/6.3.1/../../../../arm-atollic-eabi/lib/armv7-m\libc_nano.a(lib_a-sbrkr.o)
                              c:/program files (x86)/atollic/truestudio for arm 8.1.0/armtools/bin/../lib/gcc/arm-atollic-eabi/6.3.1/../../../../arm-atollic-eabi/lib/armv7-m\libc_nano.a(lib_a-nano-mallocr.o) (_sbrk_r)
c:/program files (x86)/atollic/truestudio for arm 8.1.0/armtools/bin/../lib/gcc/arm-atollic-eabi/6.3.1/../../../../arm-atollic-eabi/lib/armv7-m\libc_nano.a(lib_a-mlock.o)
                              c:/program files (x86)/atollic/truestudio for arm 8.1.0/armtools/bin/../lib/gcc/arm-atollic-eabi/6.3.1/../../../../arm-atollic-eabi/lib/armv7-m\libc_nano.a(lib_a-nano-freer.o) (__malloc_lock)
[...]
Memory Configuration

Name             Origin             Length             Attributes
RAM              0x20000000         0x00014000         xrw
FLASH            0x08000000         0x00080000         xr
*default*        0x00000000         0xffffffff

Linker script and memory map

LOAD c:/program files (x86)/atollic/truestudio for arm 8.1.0/armtools/bin/../lib/gcc/arm-atollic-eabi/6.3.1/armv7-m/crti.o
LOAD c:/program files (x86)/atollic/truestudio for arm 8.1.0/armtools/bin/../lib/gcc/arm-atollic-eabi/6.3.1/armv7-m/crtbegin.o
LOAD Drivers\STM32L1xx_HAL_Driver\Src\stm32l1xx_hal.o
LOAD Drivers\STM32L1xx_HAL_Driver\Src\stm32l1xx_hal_cortex.o
LOAD Drivers\STM32L1xx_HAL_Driver\Src\stm32l1xx_hal_dma.o
LOAD Drivers\STM32L1xx_HAL_Driver\Src\stm32l1xx_hal_flash.o
LOAD Drivers\STM32L1xx_HAL_Driver\Src\stm32l1xx_hal_flash_ex.o
LOAD Drivers\STM32L1xx_HAL_Driver\Src\stm32l1xx_hal_flash_ramfunc.o
LOAD Drivers\STM32L1xx_HAL_Driver\Src\stm32l1xx_hal_gpio.o
LOAD Drivers\STM32L1xx_HAL_Driver\Src\stm32l1xx_hal_i2c.o
LOAD Drivers\STM32L1xx_HAL_Driver\Src\stm32l1xx_hal_pwr.o
LOAD Drivers\STM32L1xx_HAL_Driver\Src\stm32l1xx_hal_pwr_ex.o
LOAD Drivers\STM32L1xx_HAL_Driver\Src\stm32l1xx_hal_rcc.o
LOAD Drivers\STM32L1xx_HAL_Driver\Src\stm32l1xx_hal_rcc_ex.o
LOAD Drivers\STM32L1xx_HAL_Driver\Src\stm32l1xx_hal_spi.o
LOAD Drivers\STM32L1xx_HAL_Driver\Src\stm32l1xx_hal_spi_ex.o
LOAD Drivers\STM32L1xx_HAL_Driver\Src\stm32l1xx_hal_tim.o
LOAD Drivers\STM32L1xx_HAL_Driver\Src\stm32l1xx_hal_tim_ex.o
LOAD Src\AD7190.o
LOAD Src\Communication.o
LOAD Src\TIME.o
LOAD Src\main.o
LOAD Src\ssd1306.o
LOAD Src\stm32l1xx_hal_msp.o
LOAD Src\stm32l1xx_it.o
LOAD Src\system_stm32l1xx.o
LOAD startup\startup_stm32l152xe.o
                0x00000080                malloc_getpagesize_P = 0x80
START GROUP
LOAD c:/program files (x86)/atollic/truestudio for arm 8.1.0/armtools/bin/../lib/gcc/arm-atollic-eabi/6.3.1/../../../../arm-atollic-eabi/lib/armv7-m\libc_nano.a
LOAD c:/program files (x86)/atollic/truestudio for arm 8.1.0/armtools/bin/../lib/gcc/arm-atollic-eabi/6.3.1/../../../../arm-atollic-eabi/lib/armv7-m\libm.a
END GROUP
START GROUP
LOAD c:/program files (x86)/atollic/truestudio for arm 8.1.0/armtools/bin/../lib/gcc/arm-atollic-eabi/6.3.1/armv7-m\libgcc.a
LOAD c:/program files (x86)/atollic/truestudio for arm 8.1.0/armtools/bin/../lib/gcc/arm-atollic-eabi/6.3.1/../../../../arm-atollic-eabi/lib/armv7-m\libc_nano.a
END GROUP
START GROUP
LOAD c:/program files (x86)/atollic/truestudio for arm 8.1.0/armtools/bin/../lib/gcc/arm-atollic-eabi/6.3.1/armv7-m\libgcc.a
LOAD c:/program files (x86)/atollic/truestudio for arm 8.1.0/armtools/bin/../lib/gcc/arm-atollic-eabi/6.3.1/../../../../arm-atollic-eabi/lib/armv7-m\libc_nano.a
LOAD c:/program files (x86)/atollic/truestudio for arm 8.1.0/armtools/bin/../lib/gcc/arm-atollic-eabi/6.3.1/../../../../arm-atollic-eabi/lib/armv7-m\libnosys.a
END GROUP
START GROUP
LOAD c:/program files (x86)/atollic/truestudio for arm 8.1.0/armtools/bin/../lib/gcc/arm-atollic-eabi/6.3.1/armv7-m\libgcc.a
LOAD c:/program files (x86)/atollic/truestudio for arm 8.1.0/armtools/bin/../lib/gcc/arm-atollic-eabi/6.3.1/../../../../arm-atollic-eabi/lib/armv7-m\libc_nano.a
LOAD c:/program files (x86)/atollic/truestudio for arm 8.1.0/armtools/bin/../lib/gcc/arm-atollic-eabi/6.3.1/../../../../arm-atollic-eabi/lib/armv7-m\libnosys.a
END GROUP
LOAD c:/program files (x86)/atollic/truestudio for arm 8.1.0/armtools/bin/../lib/gcc/arm-atollic-eabi/6.3.1/armv7-m/crtend.o
LOAD c:/program files (x86)/atollic/truestudio for arm 8.1.0/armtools/bin/../lib/gcc/arm-atollic-eabi/6.3.1/armv7-m/crtn.o
                0x20014000                _estack = 0x20014000
                0x00000200                _Min_Heap_Size = 0x200
                0x00000400                _Min_Stack_Size = 0x400

.isr_vector     0x08000000      0x13c
                0x08000000                . = ALIGN (0x4)
 *(.isr_vector)
 .isr_vector    0x08000000      0x13c startup\startup_stm32l152xe.o
                0x08000000                g_pfnVectors
                0x0800013c                . = ALIGN (0x4)

.text           0x08000140     0x4964
                0x08000140                . = ALIGN (0x4)
 *(.text)
 .text          0x08000140       0x40 c:/program files (x86)/atollic/truestudio for arm 8.1.0/armtools/bin/../lib/gcc/arm-atollic-eabi/6.3.1/armv7-m/crtbegin.o
 .text          0x08000180      0x370 c:/program files (x86)/atollic/truestudio for arm 8.1.0/armtools/bin/../lib/gcc/arm-atollic-eabi/6.3.1/armv7-m\libgcc.a(_arm_addsubdf3.o)
                0x08000180                __aeabi_drsub
                0x08000188                __aeabi_dsub
                0x08000188                __subdf3
                0x0800018c                __aeabi_dadd
                0x0800018c                __adddf3
                0x08000404                __floatunsidf
                0x08000404                __aeabi_ui2d
                0x08000424                __floatsidf
                0x08000424                __aeabi_i2d
                0x08000448                __aeabi_f2d
                0x08000448                __extendsfdf2
                0x08000484                __floatundidf
                0x08000484                __aeabi_ul2d
                0x08000494                __floatdidf
                0x08000494                __aeabi_l2d
 .text          0x080004f0      0x424 c:/program files (x86)/atollic/truestudio for arm 8.1.0/armtools/bin/../lib/gcc/arm-atollic-eabi/6.3.1/armv7-m\libgcc.a(_arm_muldivdf3.o)
                0x080004f0                __aeabi_dmul
                0x080004f0                __muldf3
                0x08000744                __divdf3
                0x08000744                __aeabi_ddiv
 .text          0x08000914      0x110 c:/program files (x86)/atollic/truestudio for arm 8.1.0/armtools/bin/../lib/gcc/arm-atollic-eabi/6.3.1/armv7-m\libgcc.a(_arm_cmpdf2.o)
                0x08000914                __gtdf2
                0x08000914                __gedf2
                0x0800091c                __ltdf2
                0x0800091c                __ledf2
                0x08000924                __nedf2
                0x08000924                __eqdf2
                0x08000924                __cmpdf2
                0x080009a0                __aeabi_cdrcmple
                0x080009b0                __aeabi_cdcmpeq
                0x080009b0                __aeabi_cdcmple
                0x080009c0                __aeabi_dcmpeq
                0x080009d4                __aeabi_dcmplt
                0x080009e8                __aeabi_dcmple
                0x080009fc                __aeabi_dcmpge
                0x08000a10                __aeabi_dcmpgt
 .text          0x08000a24       0x2c c:/program files (x86)/atollic/truestudio for arm 8.1.0/armtools/bin/../lib/gcc/arm-atollic-eabi/6.3.1/armv7-m\libgcc.a(_arm_unorddf2.o)
                0x08000a24                __unorddf2
                0x08000a24                __aeabi_dcmpun
 .text          0x08000a50       0x40 c:/program files (x86)/atollic/truestudio for arm 8.1.0/armtools/bin/../lib/gcc/arm-atollic-eabi/6.3.1/armv7-m\libgcc.a(_arm_fixunsdfsi.o)
                0x08000a50                __aeabi_d2uiz
                0x08000a50                __fixunsdfsi
 .text          0x08000a90      0x21c c:/program files (x86)/atollic/truestudio for arm 8.1.0/armtools/bin/../lib/gcc/arm-atollic-eabi/6.3.1/armv7-m\libgcc.a(_arm_addsubsf3.o)
                0x08000a90                __aeabi_frsub
                0x08000a98                __subsf3
                0x08000a98                __aeabi_fsub
                0x08000a9c                __aeabi_fadd
                0x08000a9c                __addsf3
                0x08000bfc                __aeabi_ui2f
                0x08000bfc                __floatunsisf
                0x08000c04                __aeabi_i2f
                0x08000c04                __floatsisf
                0x08000c20                __aeabi_ul2f
                0x08000c20                __floatundisf
                0x08000c30                __aeabi_l2f
                0x08000c30                __floatdisf
 .text          0x08000cac      0x2a0 c:/program files (x86)/atollic/truestudio for arm 8.1.0/armtools/bin/../lib/gcc/arm-atollic-eabi/6.3.1/armv7-m\libgcc.a(_arm_muldivsf3.o)
                0x08000cac                __mulsf3
                0x08000cac                __aeabi_fmul
                0x08000e14                __aeabi_fdiv
                0x08000e14                __divsf3
 .text          0x08000f4c       0x40 c:/program files (x86)/atollic/truestudio for arm 8.1.0/armtools/bin/../lib/gcc/arm-atollic-eabi/6.3.1/armv7-m\libgcc.a(_arm_fixunssfsi.o)
                0x08000f4c                __fixunssfsi
                0x08000f4c                __aeabi_f2uiz
 *(.text*)
 .text.HAL_InitTick
                0x08000f8c       0x28 Drivers\STM32L1xx_HAL_Driver\Src\stm32l1xx_hal.o
                0x08000f8c                HAL_InitTick
 .text.HAL_Init
                0x08000fb4       0x16 Drivers\STM32L1xx_HAL_Driver\Src\stm32l1xx_hal.o
                0x08000fb4                HAL_Init
 *fill*         0x08000fca        0x2 
 .text.HAL_IncTick
                0x08000fcc       0x10 Drivers\STM32L1xx_HAL_Driver\Src\stm32l1xx_hal.o
                0x08000fcc                HAL_IncTick
 .text.HAL_GetTick
                0x08000fdc        0xc Drivers\STM32L1xx_HAL_Driver\Src\stm32l1xx_hal.o
                0x08000fdc                HAL_GetTick
 .text.HAL_Delay
                0x08000fe8       0x1a Drivers\STM32L1xx_HAL_Driver\Src\stm32l1xx_hal.o
                0x08000fe8                HAL_Delay
 *fill*         0x08001002        0x2 
 .text.HAL_NVIC_SetPriorityGrouping
                0x08001004       0x24 Drivers\STM32L1xx_HAL_Driver\Src\stm32l1xx_hal_cortex.o
                0x08001004                HAL_NVIC_SetPriorityGrouping
 .text.HAL_NVIC_SetPriority
                0x08001028       0x68 Drivers\STM32L1xx_HAL_Driver\Src\stm32l1xx_hal_cortex.o
                0x08001028                HAL_NVIC_SetPriority
 .text.HAL_SYSTICK_Config
                0x08001090       0x2c Drivers\STM32L1xx_HAL_Driver\Src\stm32l1xx_hal_cortex.o
                0x08001090                HAL_SYSTICK_Config
 .text.HAL_SYSTICK_CLKSourceConfig
                0x080010bc       0x18 Drivers\STM32L1xx_HAL_Driver\Src\stm32l1xx_hal_cortex.o
                0x080010bc                HAL_SYSTICK_CLKSourceConfig
 .text.HAL_SYSTICK_Callback
                0x080010d4        0x2 Drivers\STM32L1xx_HAL_Driver\Src\stm32l1xx_hal_cortex.o
                0x080010d4                HAL_SYSTICK_Callback
 .text.HAL_SYSTICK_IRQHandler
                0x080010d6        0x8 Drivers\STM32L1xx_HAL_Driver\Src\stm32l1xx_hal_cortex.o
                0x080010d6                HAL_SYSTICK_IRQHandler
 *fill*         0x080010de        0x2 
 .text.HAL_GPIO_Init
                0x080010e0      0x1a4 Drivers\STM32L1xx_HAL_Driver\Src\stm32l1xx_hal_gpio.o
                0x080010e0                HAL_GPIO_Init
 .text.HAL_GPIO_ReadPin
                0x08001284        0xc Drivers\STM32L1xx_HAL_Driver\Src\stm32l1xx_hal_gpio.o
                0x08001284                HAL_GPIO_ReadPin
 .text.HAL_GPIO_WritePin
                0x08001290        0xa Drivers\STM32L1xx_HAL_Driver\Src\stm32l1xx_hal_gpio.o
                0x08001290                HAL_GPIO_WritePin
 .text.I2C_IsAcknowledgeFailed
                0x0800129a       0x2a Drivers\STM32L1xx_HAL_Driver\Src\stm32l1xx_hal_i2c.o
 .text.I2C_WaitOnMasterAddressFlagUntilTimeout
                0x080012c4       0x80 Drivers\STM32L1xx_HAL_Driver\Src\stm32l1xx_hal_i2c.o
 .text.I2C_WaitOnFlagUntilTimeout
                0x08001344       0x5c Drivers\STM32L1xx_HAL_Driver\Src\stm32l1xx_hal_i2c.o
 .text.I2C_WaitOnTXEFlagUntilTimeout
                0x080013a0       0x4c Drivers\STM32L1xx_HAL_Driver\Src\stm32l1xx_hal_i2c.o
 .text.I2C_WaitOnBTFFlagUntilTimeout
                0x080013ec       0x4c Drivers\STM32L1xx_HAL_Driver\Src\stm32l1xx_hal_i2c.o
 .text.HAL_I2C_Init
                0x08001438      0x11c Drivers\STM32L1xx_HAL_Driver\Src\stm32l1xx_hal_i2c.o
                0x08001438                HAL_I2C_Init
 .text.HAL_I2C_Master_Transmit
                0x08001554      0x1ac Drivers\STM32L1xx_HAL_Driver\Src\stm32l1xx_hal_i2c.o
                0x08001554                HAL_I2C_Master_Transmit
 .text.RCC_SetFlashLatencyFromMSIRange
                0x08001700       0x80 Drivers\STM32L1xx_HAL_Driver\Src\stm32l1xx_hal_rcc.o
 .text.HAL_RCC_OscConfig
                0x08001780      0x6a8 Drivers\STM32L1xx_HAL_Driver\Src\stm32l1xx_hal_rcc.o
                0x08001780                HAL_RCC_OscConfig
 .text.HAL_RCC_GetSysClockFreq
                0x08001e28       0x8c Drivers\STM32L1xx_HAL_Driver\Src\stm32l1xx_hal_rcc.o
                0x08001e28                HAL_RCC_GetSysClockFreq
 .text.HAL_RCC_ClockConfig
                0x08001eb4      0x1bc Drivers\STM32L1xx_HAL_Driver\Src\stm32l1xx_hal_rcc.o
                0x08001eb4                HAL_RCC_ClockConfig
 .text.HAL_RCC_GetHCLKFreq
                0x08002070        0xc Drivers\STM32L1xx_HAL_Driver\Src\stm32l1xx_hal_rcc.o
                0x08002070                HAL_RCC_GetHCLKFreq
 .text.HAL_RCC_GetPCLK1Freq
                0x0800207c       0x30 Drivers\STM32L1xx_HAL_Driver\Src\stm32l1xx_hal_rcc.o
                0x0800207c                HAL_RCC_GetPCLK1Freq
 .text.SPI_WaitOnFlagUntilTimeout
                0x080020ac       0x90 Drivers\STM32L1xx_HAL_Driver\Src\stm32l1xx_hal_spi.o
 .text.HAL_SPI_Transmit
                0x0800213c      0x164 Drivers\STM32L1xx_HAL_Driver\Src\stm32l1xx_hal_spi.o
                0x0800213c                HAL_SPI_Transmit
 .text.HAL_SPI_TransmitReceive
                0x080022a0      0x2c8 Drivers\STM32L1xx_HAL_Driver\Src\stm32l1xx_hal_spi.o
                0x080022a0                HAL_SPI_TransmitReceive
 .text.HAL_SPI_Receive
                0x08002568      0x1e2 Drivers\STM32L1xx_HAL_Driver\Src\stm32l1xx_hal_spi.o
                0x08002568                HAL_SPI_Receive
 .text.HAL_SPI_Init
                0x0800274a       0x7a Drivers\STM32L1xx_HAL_Driver\Src\stm32l1xx_hal_spi_ex.o
                0x0800274a                HAL_SPI_Init
 .text.AD7190_SetRegisterValue
                0x080027c4       0x42 Src\AD7190.o
                0x080027c4                AD7190_SetRegisterValue
 .text.AD7190_GetRegisterValue
                0x08002806       0x40 Src\AD7190.o
                0x08002806                AD7190_GetRegisterValue
 .text.AD7190_Reset
                0x08002846       0x30 Src\AD7190.o
                0x08002846                AD7190_Reset
 *fill*         0x08002876        0x2 
 .text.AD7190_Init
                0x08002878       0x34 Src\AD7190.o
                0x08002878                AD7190_Init
 .text.AD7190_WaitRdyGoLow
                0x080028ac       0x1c Src\AD7190.o
                0x080028ac                AD7190_WaitRdyGoLow
 .text.AD7190_ChannelSelect
                0x080028c8       0x2a Src\AD7190.o
                0x080028c8                AD7190_ChannelSelect
 .text.AD7190_RangeSetup
                0x080028f2       0x2c Src\AD7190.o
                0x080028f2                AD7190_RangeSetup
 *fill*         0x0800291e        0x2 
 .text.AD7190_SingleConversion
                0x08002920       0x34 Src\AD7190.o
                0x08002920                AD7190_SingleConversion
 .text.SPI_Init
                0x08002954        0x4 Src\Communication.o
                0x08002954                SPI_Init
 .text.SPI_Read
                0x08002958       0x3c Src\Communication.o
                0x08002958                SPI_Read
 .text.SPI_Write
                0x08002994       0x18 Src\Communication.o
                0x08002994                SPI_Write
 .text.TIME_DelayMs
                0x080029ac        0x4 Src\TIME.o
                0x080029ac                TIME_DelayMs
 .text.SystemClock_Config
                0x080029b0       0x74 Src\main.o
                0x080029b0                SystemClock_Config
 .text.floatToString
                0x08002a24       0x5c Src\main.o
                0x08002a24                floatToString
 .text.startup.main
                0x08002a80      0x26c Src\main.o
                0x08002a80                main
 .text.ssd1306WriteCommand
                0x08002cec       0x28 Src\ssd1306.o
                0x08002cec                ssd1306WriteCommand
 .text.ssd1306_DrawPixel
                0x08002d14       0x38 Src\ssd1306.o
                0x08002d14                ssd1306_DrawPixel
 .text.ssd1306_WriteData
                0x08002d4c       0x48 Src\ssd1306.o
                0x08002d4c                ssd1306_WriteData
 .text.updateScreen
                0x08002d94       0x34 Src\ssd1306.o
                0x08002d94                updateScreen
 .text.clearScreen
                0x08002dc8       0x2c Src\ssd1306.o
                0x08002dc8                clearScreen
 .text.ssd1306Init
                0x08002df4       0xf4 Src\ssd1306.o
                0x08002df4                ssd1306Init
 .text.ssd1306_WriteChar
                0x08002ee8       0x8c Src\ssd1306.o
                0x08002ee8                ssd1306_WriteChar
 .text.ssd1306_WriteString
                0x08002f74       0x1e Src\ssd1306.o
                0x08002f74                ssd1306_WriteString
 *fill*         0x08002f92        0x2 
 .text.setCursorX
                0x08002f94        0xc Src\ssd1306.o
                0x08002f94                setCursorX
 .text.setCursorY
                0x08002fa0        0xc Src\ssd1306.o
                0x08002fa0                setCursorY
 .text.HAL_MspInit
                0x08002fac       0xa0 Src\stm32l1xx_hal_msp.o
                0x08002fac                HAL_MspInit
 .text.HAL_I2C_MspInit
                0x0800304c       0x50 Src\stm32l1xx_hal_msp.o
                0x0800304c                HAL_I2C_MspInit
 .text.HAL_SPI_MspInit
                0x0800309c       0x4c Src\stm32l1xx_hal_msp.o
                0x0800309c                HAL_SPI_MspInit
 .text.NMI_Handler
                0x080030e8        0x2 Src\stm32l1xx_it.o
                0x080030e8                NMI_Handler
 .text.HardFault_Handler
                0x080030ea        0x2 Src\stm32l1xx_it.o
                0x080030ea                HardFault_Handler
 .text.MemManage_Handler
                0x080030ec        0x2 Src\stm32l1xx_it.o
                0x080030ec                MemManage_Handler
 .text.BusFault_Handler
                0x080030ee        0x2 Src\stm32l1xx_it.o
                0x080030ee                BusFault_Handler
 .text.UsageFault_Handler
                0x080030f0        0x2 Src\stm32l1xx_it.o
                0x080030f0                UsageFault_Handler
 .text.SVC_Handler
                0x080030f2        0x2 Src\stm32l1xx_it.o
                0x080030f2                SVC_Handler
 .text.DebugMon_Handler
                0x080030f4        0x2 Src\stm32l1xx_it.o
                0x080030f4                DebugMon_Handler
 .text.PendSV_Handler
                0x080030f6        0x2 Src\stm32l1xx_it.o
                0x080030f6                PendSV_Handler
 .text.SysTick_Handler
                0x080030f8        0xe Src\stm32l1xx_it.o
                0x080030f8                SysTick_Handler
 *fill*         0x08003106        0x2 
 .text.SystemInit
                0x08003108       0x48 Src\system_stm32l1xx.o
                0x08003108                SystemInit
 .text.Reset_Handler
                0x08003150       0x48 startup\startup_stm32l152xe.o
                0x08003150                Reset_Handler
 .text.Default_Handler
                0x08003198        0x2 startup\startup_stm32l152xe.o
                0x08003198                RTC_Alarm_IRQHandler
                0x08003198                EXTI2_IRQHandler
                0x08003198                COMP_ACQ_IRQHandler
                0x08003198                TIM10_IRQHandler
                0x08003198                USB_HP_IRQHandler
                0x08003198                TIM6_IRQHandler
                0x08003198                PVD_IRQHandler
                0x08003198                EXTI3_IRQHandler
                0x08003198                EXTI0_IRQHandler
                0x08003198                I2C2_EV_IRQHandler
                0x08003198                SPI1_IRQHandler
                0x08003198                USB_FS_WKUP_IRQHandler
                0x08003198                DMA2_Channel2_IRQHandler
                0x08003198                DMA1_Channel4_IRQHandler
                0x08003198                ADC1_IRQHandler
                0x08003198                USART3_IRQHandler
                0x08003198                DMA1_Channel7_IRQHandler
                0x08003198                LCD_IRQHandler
                0x08003198                UART5_IRQHandler
                0x08003198                TIM4_IRQHandler
                0x08003198                DMA2_Channel1_IRQHandler
                0x08003198                I2C1_EV_IRQHandler
                0x08003198                DMA1_Channel6_IRQHandler
                0x08003198                UART4_IRQHandler
                0x08003198                DMA2_Channel4_IRQHandler
                0x08003198                TIM3_IRQHandler
                0x08003198                RCC_IRQHandler
                0x08003198                DMA1_Channel1_IRQHandler
                0x08003198                Default_Handler
                0x08003198                EXTI15_10_IRQHandler
                0x08003198                TIM7_IRQHandler
                0x08003198                TIM5_IRQHandler
                0x08003198                EXTI9_5_IRQHandler
                0x08003198                TIM9_IRQHandler
                0x08003198                TAMPER_STAMP_IRQHandler
                0x08003198                RTC_WKUP_IRQHandler
                0x08003198                SPI2_IRQHandler
                0x08003198                DMA2_Channel5_IRQHandler
                0x08003198                DMA1_Channel5_IRQHandler
                0x08003198                USB_LP_IRQHandler
                0x08003198                EXTI4_IRQHandler
                0x08003198                DMA1_Channel3_IRQHandler
                0x08003198                COMP_IRQHandler
                0x08003198                WWDG_IRQHandler
                0x08003198                TIM2_IRQHandler
                0x08003198                DAC_IRQHandler
                0x08003198                EXTI1_IRQHandler
                0x08003198                TIM11_IRQHandler
                0x08003198                USART2_IRQHandler
                0x08003198                I2C2_ER_IRQHandler
                0x08003198                DMA1_Channel2_IRQHandler
                0x08003198                FLASH_IRQHandler
                0x08003198                USART1_IRQHandler
                0x08003198                SPI3_IRQHandler
                0x08003198                I2C1_ER_IRQHandler
                0x08003198                DMA2_Channel3_IRQHandler
 *fill*         0x0800319a        0x2 
 .text.__libc_init_array
                0x0800319c       0x48 c:/program files (x86)/atollic/truestudio for arm 8.1.0/armtools/bin/../lib/gcc/arm-atollic-eabi/6.3.1/../../../../arm-atollic-eabi/lib/armv7-m\libc_nano.a(lib_a-init.o)
                0x0800319c                __libc_init_array
 .text.sprintf  0x080031e4       0x48 c:/program files (x86)/atollic/truestudio for arm 8.1.0/armtools/bin/../lib/gcc/arm-atollic-eabi/6.3.1/../../../../arm-atollic-eabi/lib/armv7-m\libc_nano.a(lib_a-sprintf.o)
                0x080031e4                siprintf
                0x080031e4                sprintf
 .text.__ssputs_r
                0x0800322c       0xb6 c:/program files (x86)/atollic/truestudio for arm 8.1.0/armtools/bin/../lib/gcc/arm-atollic-eabi/6.3.1/../../../../arm-atollic-eabi/lib/armv7-m\libc_nano.a(lib_a-nano-svfprintf.o)
                0x0800322c                __ssputs_r
 *fill*         0x080032e2        0x2 
 .text._svfprintf_r
                0x080032e4      0x1e8 c:/program files (x86)/atollic/truestudio for arm 8.1.0/armtools/bin/../lib/gcc/arm-atollic-eabi/6.3.1/../../../../arm-atollic-eabi/lib/armv7-m\libc_nano.a(lib_a-nano-svfprintf.o)
                0x080032e4                _svfiprintf_r
                0x080032e4                _svfprintf_r
 .text._printf_common
                0x080034cc       0xee c:/program files (x86)/atollic/truestudio for arm 8.1.0/armtools/bin/../lib/gcc/arm-atollic-eabi/6.3.1/../../../../arm-atollic-eabi/lib/armv7-m\libc_nano.a(lib_a-nano-vfprintf_i.o)
                0x080034cc                _printf_common
 *fill*         0x080035ba        0x2 
 .text._printf_i
                0x080035bc      0x240 c:/program files (x86)/atollic/truestudio for arm 8.1.0/armtools/bin/../lib/gcc/arm-atollic-eabi/6.3.1/../../../../arm-atollic-eabi/lib/armv7-m\libc_nano.a(lib_a-nano-vfprintf_i.o)
                0x080035bc                _printf_i
 .text.memchr   0x080037fc       0x1c c:/program files (x86)/atollic/truestudio for arm 8.1.0/armtools/bin/../lib/gcc/arm-atollic-eabi/6.3.1/../../../../arm-atollic-eabi/lib/armv7-m\libc_nano.a(lib_a-memchr-stub.o)
                0x080037fc                memchr
 .text.memcpy   0x08003818       0x16 c:/program files (x86)/atollic/truestudio for arm 8.1.0/armtools/bin/../lib/gcc/arm-atollic-eabi/6.3.1/../../../../arm-atollic-eabi/lib/armv7-m\libc_nano.a(lib_a-memcpy-stub.o)
                0x08003818                memcpy
 .text.memmove  0x0800382e       0x34 c:/program files (x86)/atollic/truestudio for arm 8.1.0/armtools/bin/../lib/gcc/arm-atollic-eabi/6.3.1/../../../../arm-atollic-eabi/lib/armv7-m\libc_nano.a(lib_a-memmove.o)
                0x0800382e                memmove
 *fill*         0x08003862        0x2 
 .text._free_r  0x08003864       0x98 c:/program files (x86)/atollic/truestudio for arm 8.1.0/armtools/bin/../lib/gcc/arm-atollic-eabi/6.3.1/../../../../arm-atollic-eabi/lib/armv7-m\libc_nano.a(lib_a-nano-freer.o)
                0x08003864                _free_r
 .text._malloc_r
                0x080038fc       0xbc c:/program files (x86)/atollic/truestudio for arm 8.1.0/armtools/bin/../lib/gcc/arm-atollic-eabi/6.3.1/../../../../arm-atollic-eabi/lib/armv7-m\libc_nano.a(lib_a-nano-mallocr.o)
                0x080038fc                _malloc_r
 .text._realloc_r
                0x080039b8       0x4c c:/program files (x86)/atollic/truestudio for arm 8.1.0/armtools/bin/../lib/gcc/arm-atollic-eabi/6.3.1/../../../../arm-atollic-eabi/lib/armv7-m\libc_nano.a(lib_a-nano-reallocr.o)
                0x080039b8                _realloc_r
 .text._sbrk_r  0x08003a04       0x20 c:/program files (x86)/atollic/truestudio for arm 8.1.0/armtools/bin/../lib/gcc/arm-atollic-eabi/6.3.1/../../../../arm-atollic-eabi/lib/armv7-m\libc_nano.a(lib_a-sbrkr.o)
                0x08003a04                _sbrk_r
 .text.__malloc_lock
                0x08003a24        0x2 c:/program files (x86)/atollic/truestudio for arm 8.1.0/armtools/bin/../lib/gcc/arm-atollic-eabi/6.3.1/../../../../arm-atollic-eabi/lib/armv7-m\libc_nano.a(lib_a-mlock.o)
                0x08003a24                __malloc_lock
 .text.__malloc_unlock
                0x08003a26        0x2 c:/program files (x86)/atollic/truestudio for arm 8.1.0/armtools/bin/../lib/gcc/arm-atollic-eabi/6.3.1/../../../../arm-atollic-eabi/lib/armv7-m\libc_nano.a(lib_a-mlock.o)
                0x08003a26                __malloc_unlock
 .text._malloc_usable_size_r
                0x08003a28       0x12 c:/program files (x86)/atollic/truestudio for arm 8.1.0/armtools/bin/../lib/gcc/arm-atollic-eabi/6.3.1/../../../../arm-atollic-eabi/lib/armv7-m\libc_nano.a(lib_a-nano-msizer.o)
                0x08003a28                _malloc_usable_size_r
 *fill*         0x08003a3a        0x2 
 .text.pow      0x08003a3c      0x2c8 c:/program files (x86)/atollic/truestudio for arm 8.1.0/armtools/bin/../lib/gcc/arm-atollic-eabi/6.3.1/../../../../arm-atollic-eabi/lib/armv7-m\libm.a(lib_a-w_pow.o)
                0x08003a3c                pow
 *fill*         0x08003d04        0x4 
 .text.__ieee754_pow
                0x08003d08      0x9e4 c:/program files (x86)/atollic/truestudio for arm 8.1.0/armtools/bin/../lib/gcc/arm-atollic-eabi/6.3.1/../../../../arm-atollic-eabi/lib/armv7-m\libm.a(lib_a-e_pow.o)
                0x08003d08                __ieee754_pow
 .text.__ieee754_sqrt
                0x080046ec      0x158 c:/program files (x86)/atollic/truestudio for arm 8.1.0/armtools/bin/../lib/gcc/arm-atollic-eabi/6.3.1/../../../../arm-atollic-eabi/lib/armv7-m\libm.a(lib_a-e_sqrt.o)
                0x080046ec                __ieee754_sqrt
 .text.fabs     0x08004844        0x6 c:/program files (x86)/atollic/truestudio for arm 8.1.0/armtools/bin/../lib/gcc/arm-atollic-eabi/6.3.1/../../../../arm-atollic-eabi/lib/armv7-m\libm.a(lib_a-s_fabs.o)
                0x08004844                fabs
 .text.finite   0x0800484a        0xc c:/program files (x86)/atollic/truestudio for arm 8.1.0/armtools/bin/../lib/gcc/arm-atollic-eabi/6.3.1/../../../../arm-atollic-eabi/lib/armv7-m\libm.a(lib_a-s_finite.o)
                0x0800484a                finite
 .text.matherr  0x08004856        0x4 c:/program files (x86)/atollic/truestudio for arm 8.1.0/armtools/bin/../lib/gcc/arm-atollic-eabi/6.3.1/../../../../arm-atollic-eabi/lib/armv7-m\libm.a(lib_a-s_matherr.o)
                0x08004856                matherr
 *fill*         0x0800485a        0x2 
 .text.nan      0x0800485c        0xc c:/program files (x86)/atollic/truestudio for arm 8.1.0/armtools/bin/../lib/gcc/arm-atollic-eabi/6.3.1/../../../../arm-atollic-eabi/lib/armv7-m\libm.a(lib_a-s_nan.o)
                0x0800485c                nan
 .text.rint     0x08004868      0x110 c:/program files (x86)/atollic/truestudio for arm 8.1.0/armtools/bin/../lib/gcc/arm-atollic-eabi/6.3.1/../../../../arm-atollic-eabi/lib/armv7-m\libm.a(lib_a-s_rint.o)
                0x08004868                rint
 .text.scalbn   0x08004978       0xdc c:/program files (x86)/atollic/truestudio for arm 8.1.0/armtools/bin/../lib/gcc/arm-atollic-eabi/6.3.1/../../../../arm-atollic-eabi/lib/armv7-m\libm.a(lib_a-s_scalbn.o)
                0x08004978                scalbn
 .text.copysign
                0x08004a54        0xe c:/program files (x86)/atollic/truestudio for arm 8.1.0/armtools/bin/../lib/gcc/arm-atollic-eabi/6.3.1/../../../../arm-atollic-eabi/lib/armv7-m\libm.a(lib_a-s_copysign.o)
                0x08004a54                copysign
 *fill*         0x08004a62        0x2 
 .text.__errno  0x08004a64        0xc c:/program files (x86)/atollic/truestudio for arm 8.1.0/armtools/bin/../lib/gcc/arm-atollic-eabi/6.3.1/../../../../arm-atollic-eabi/lib/armv7-m\libc_nano.a(lib_a-errno.o)
                0x08004a64                __errno
 .text._sbrk    0x08004a70       0x1c c:/program files (x86)/atollic/truestudio for arm 8.1.0/armtools/bin/../lib/gcc/arm-atollic-eabi/6.3.1/../../../../arm-atollic-eabi/lib/armv7-m\libnosys.a(sbrk.o)
                0x08004a70                _sbrk
 *(.glue_7)
 .glue_7        0x08004a8c        0x0 linker stubs
 *(.glue_7t)
 .glue_7t       0x08004a8c        0x0 linker stubs
 *(.eh_frame)
 .eh_frame      0x08004a8c        0x0 c:/program files (x86)/atollic/truestudio for arm 8.1.0/armtools/bin/../lib/gcc/arm-atollic-eabi/6.3.1/armv7-m/crtbegin.o
 *(.init)
 .init          0x08004a8c        0x4 c:/program files (x86)/atollic/truestudio for arm 8.1.0/armtools/bin/../lib/gcc/arm-atollic-eabi/6.3.1/armv7-m/crti.o
                0x08004a8c                _init
 .init          0x08004a90        0x8 c:/program files (x86)/atollic/truestudio for arm 8.1.0/armtools/bin/../lib/gcc/arm-atollic-eabi/6.3.1/armv7-m/crtn.o
 *(.fini)
 .fini          0x08004a98        0x4 c:/program files (x86)/atollic/truestudio for arm 8.1.0/armtools/bin/../lib/gcc/arm-atollic-eabi/6.3.1/armv7-m/crti.o
                0x08004a98                _fini
 .fini          0x08004a9c        0x8 c:/program files (x86)/atollic/truestudio for arm 8.1.0/armtools/bin/../lib/gcc/arm-atollic-eabi/6.3.1/armv7-m/crtn.o
                0x08004aa4                . = ALIGN (0x4)
                0x08004aa4                _etext = .

.vfp11_veneer   0x08004aa4        0x0
 .vfp11_veneer  0x08004aa4        0x0 linker stubs

.v4_bx          0x08004aa4        0x0
 .v4_bx         0x08004aa4        0x0 linker stubs

.iplt           0x08004aa4        0x0
 .iplt          0x08004aa4        0x0 c:/program files (x86)/atollic/truestudio for arm 8.1.0/armtools/bin/../lib/gcc/arm-atollic-eabi/6.3.1/armv7-m/crtbegin.o

.rodata         0x08004aa8      0x830
                0x08004aa8                . = ALIGN (0x4)
 *(.rodata)
 *(.rodata*)
 .rodata.floatToString.str1.1
                0x08004aa8        0x8 Src\main.o
 .rodata.main.str1.1
                0x08004ab0       0x23 Src\main.o
 *fill*         0x08004ad3        0x1 
 .rodata.Font7x10
                0x08004ad4      0x76c Src\ssd1306.o
                0x08004ad4                Font7x10
 .rodata.AHBPrescTable
                0x08005240       0x10 Src\system_stm32l1xx.o
                0x08005240                AHBPrescTable
 .rodata.APBPrescTable
                0x08005250        0x8 Src\system_stm32l1xx.o
                0x08005250                APBPrescTable
 .rodata.PLLMulTable
                0x08005258        0x9 Src\system_stm32l1xx.o
                0x08005258                PLLMulTable
 .rodata._svfprintf_r.str1.1
                0x08005261       0x11 c:/program files (x86)/atollic/truestudio for arm 8.1.0/armtools/bin/../lib/gcc/arm-atollic-eabi/6.3.1/../../../../arm-atollic-eabi/lib/armv7-m\libc_nano.a(lib_a-nano-svfprintf.o)
 .rodata._printf_i.str1.1
                0x08005272       0x22 c:/program files (x86)/atollic/truestudio for arm 8.1.0/armtools/bin/../lib/gcc/arm-atollic-eabi/6.3.1/../../../../arm-atollic-eabi/lib/armv7-m\libc_nano.a(lib_a-nano-vfprintf_i.o)
 .rodata.pow.str1.1
                0x08005294        0x4 c:/program files (x86)/atollic/truestudio for arm 8.1.0/armtools/bin/../lib/gcc/arm-atollic-eabi/6.3.1/../../../../arm-atollic-eabi/lib/armv7-m\libm.a(lib_a-w_pow.o)
 .rodata.__ieee754_pow.str1.1
                0x08005298        0x4 c:/program files (x86)/atollic/truestudio for arm 8.1.0/armtools/bin/../lib/gcc/arm-atollic-eabi/6.3.1/../../../../arm-atollic-eabi/lib/armv7-m\libm.a(lib_a-e_pow.o)
                                  0x1 (size before relaxing)
 .rodata.bp     0x08005298       0x10 c:/program files (x86)/atollic/truestudio for arm 8.1.0/armtools/bin/../lib/gcc/arm-atollic-eabi/6.3.1/../../../../arm-atollic-eabi/lib/armv7-m\libm.a(lib_a-e_pow.o)
 .rodata.dp_h   0x080052a8       0x10 c:/program files (x86)/atollic/truestudio for arm 8.1.0/armtools/bin/../lib/gcc/arm-atollic-eabi/6.3.1/../../../../arm-atollic-eabi/lib/armv7-m\libm.a(lib_a-e_pow.o)
 .rodata.dp_l   0x080052b8       0x10 c:/program files (x86)/atollic/truestudio for arm 8.1.0/armtools/bin/../lib/gcc/arm-atollic-eabi/6.3.1/../../../../arm-atollic-eabi/lib/armv7-m\libm.a(lib_a-e_pow.o)
 .rodata.TWO52  0x080052c8       0x10 c:/program files (x86)/atollic/truestudio for arm 8.1.0/armtools/bin/../lib/gcc/arm-atollic-eabi/6.3.1/../../../../arm-atollic-eabi/lib/armv7-m\libm.a(lib_a-s_rint.o)
                0x080052d8                . = ALIGN (0x4)

.rel.dyn        0x080052d8        0x0
 .rel.iplt      0x080052d8        0x0 c:/program files (x86)/atollic/truestudio for arm 8.1.0/armtools/bin/../lib/gcc/arm-atollic-eabi/6.3.1/armv7-m/crtbegin.o

.ARM.extab
 *(.ARM.extab* .gnu.linkonce.armextab.*)

.ARM            0x080052d8        0x0
                0x080052d8                __exidx_start = .
 *(.ARM.exidx*)
                0x080052d8                __exidx_end = .

.preinit_array  0x080052d8        0x0
                0x080052d8                PROVIDE (__preinit_array_start, .)
 *(.preinit_array*)
                0x080052d8                PROVIDE (__preinit_array_end, .)

.init_array     0x080052d8        0x4
                0x080052d8                PROVIDE (__init_array_start, .)
 *(SORT(.init_array.*))
 *(.init_array*)
 .init_array    0x080052d8        0x4 c:/program files (x86)/atollic/truestudio for arm 8.1.0/armtools/bin/../lib/gcc/arm-atollic-eabi/6.3.1/armv7-m/crtbegin.o
                0x080052dc                PROVIDE (__init_array_end, .)

.fini_array     0x080052dc        0x4
                [!provide]                PROVIDE (__fini_array_start, .)
 *(SORT(.fini_array.*))
 *(.fini_array*)
 .fini_array    0x080052dc        0x4 c:/program files (x86)/atollic/truestudio for arm 8.1.0/armtools/bin/../lib/gcc/arm-atollic-eabi/6.3.1/armv7-m/crtbegin.o
                [!provide]                PROVIDE (__fini_array_end, .)
                0x080052e0                _sidata = LOADADDR (.data)

.data           0x20000000       0x6c load address 0x080052e0
                0x20000000                . = ALIGN (0x4)
                0x20000000                _sdata = .
 *(.data)
 *(.data*)
 .data.SystemCoreClock
                0x20000000        0x4 Src\system_stm32l1xx.o
                0x20000000                SystemCoreClock
 .data._impure_ptr
                0x20000004        0x4 c:/program files (x86)/atollic/truestudio for arm 8.1.0/armtools/bin/../lib/gcc/arm-atollic-eabi/6.3.1/../../../../arm-atollic-eabi/lib/armv7-m\libc_nano.a(lib_a-impure.o)
                0x20000004                _impure_ptr
 .data.impure_data
                0x20000008       0x60 c:/program files (x86)/atollic/truestudio for arm 8.1.0/armtools/bin/../lib/gcc/arm-atollic-eabi/6.3.1/../../../../arm-atollic-eabi/lib/armv7-m\libc_nano.a(lib_a-impure.o)
 .data.__fdlib_version
                0x20000068        0x1 c:/program files (x86)/atollic/truestudio for arm 8.1.0/armtools/bin/../lib/gcc/arm-atollic-eabi/6.3.1/../../../../arm-atollic-eabi/lib/armv7-m\libm.a(lib_a-s_lib_ver.o)
                0x20000068                __fdlib_version
                0x2000006c                . = ALIGN (0x4)
 *fill*         0x20000069        0x3 
                0x2000006c                _edata = .

.igot.plt       0x2000006c        0x0 load address 0x0800534c
 .igot.plt      0x2000006c        0x0 c:/program files (x86)/atollic/truestudio for arm 8.1.0/armtools/bin/../lib/gcc/arm-atollic-eabi/6.3.1/armv7-m/crtbegin.o
                0x2000006c                . = ALIGN (0x4)

.bss            0x2000006c      0x4e0 load address 0x0800534c
                0x2000006c                _sbss = .
                0x2000006c                __bss_start__ = _sbss
 *(.bss)
 .bss           0x2000006c       0x1c c:/program files (x86)/atollic/truestudio for arm 8.1.0/armtools/bin/../lib/gcc/arm-atollic-eabi/6.3.1/armv7-m/crtbegin.o
 *(.bss*)
 .bss.currentX  0x20000088        0x1 Src\ssd1306.o
                0x20000088                currentX
 .bss.currentY  0x20000089        0x1 Src\ssd1306.o
                0x20000089                currentY
 *fill*         0x2000008a        0x2 
 .bss.__malloc_free_list
                0x2000008c        0x4 c:/program files (x86)/atollic/truestudio for arm 8.1.0/armtools/bin/../lib/gcc/arm-atollic-eabi/6.3.1/../../../../arm-atollic-eabi/lib/armv7-m\libc_nano.a(lib_a-nano-mallocr.o)
                0x2000008c                __malloc_free_list
 .bss.__malloc_sbrk_start
                0x20000090        0x4 c:/program files (x86)/atollic/truestudio for arm 8.1.0/armtools/bin/../lib/gcc/arm-atollic-eabi/6.3.1/../../../../arm-atollic-eabi/lib/armv7-m\libc_nano.a(lib_a-nano-mallocr.o)
                0x20000090                __malloc_sbrk_start
 .bss.heap_end.4116
                0x20000094        0x4 c:/program files (x86)/atollic/truestudio for arm 8.1.0/armtools/bin/../lib/gcc/arm-atollic-eabi/6.3.1/../../../../arm-atollic-eabi/lib/armv7-m\libnosys.a(sbrk.o)
 *(COMMON)
 COMMON         0x20000098        0x4 Drivers\STM32L1xx_HAL_Driver\Src\stm32l1xx_hal.o
                0x20000098                uwTick
 COMMON         0x2000009c       0xac Src\main.o
                0x2000009c                hi2c1
                0x200000f0                hspi1
 COMMON         0x20000148      0x400 Src\ssd1306.o
                0x20000148                screen
 COMMON         0x20000548        0x4 c:/program files (x86)/atollic/truestudio for arm 8.1.0/armtools/bin/../lib/gcc/arm-atollic-eabi/6.3.1/../../../../arm-atollic-eabi/lib/armv7-m\libc_nano.a(lib_a-reent.o)
                0x20000548                errno
                0x2000054c                . = ALIGN (0x4)
                0x2000054c                _ebss = .
                0x2000054c                __bss_end__ = _ebss

._user_heap_stack
                0x2000054c      0x600 load address 0x0800534c
                0x2000054c                . = ALIGN (0x4)
                0x2000054c                PROVIDE (end, .)
                [!provide]                PROVIDE (_end, .)
                0x2000074c                . = (. + _Min_Heap_Size)
 *fill*         0x2000054c      0x200 
                0x20000b4c                . = (. + _Min_Stack_Size)
 *fill*         0x2000074c      0x400 
                0x20000b4c                . = ALIGN (0x4)

/DISCARD/
 libc.a(*)
 libm.a(*)
 libgcc.a(*)

.ARM.attributes
                0x00000000       0x29
 *(.ARM.attributes)
 .ARM.attributes
                0x00000000       0x1d c:/program files (x86)/atollic/truestudio for arm 8.1.0/armtools/bin/../lib/gcc/arm-atollic-eabi/6.3.1/armv7-m/crti.o
 .ARM.attributes
                0x0000001d       0x2d c:/program files (x86)/atollic/truestudio for arm 8.1.0/armtools/bin/../lib/gcc/arm-atollic-eabi/6.3.1/armv7-m/crtbegin.o
 .ARM.attributes
                0x0000004a       0x33 Drivers\STM32L1xx_HAL_Driver\Src\stm32l1xx_hal.o
 .ARM.attributes
                0x0000007d       0x33 Drivers\STM32L1xx_HAL_Driver\Src\stm32l1xx_hal_cortex.o
 .ARM.attributes
                0x000000b0       0x33 Drivers\STM32L1xx_HAL_Driver\Src\stm32l1xx_hal_gpio.o
 .ARM.attributes
                0x000000e3       0x33 Drivers\STM32L1xx_HAL_Driver\Src\stm32l1xx_hal_i2c.o
 .ARM.attributes
                0x00000116       0x33 Drivers\STM32L1xx_HAL_Driver\Src\stm32l1xx_hal_rcc.o
 .ARM.attributes
                0x00000149       0x33 Drivers\STM32L1xx_HAL_Driver\Src\stm32l1xx_hal_spi.o
 .ARM.attributes
                0x0000017c       0x33 Drivers\STM32L1xx_HAL_Driver\Src\stm32l1xx_hal_spi_ex.o
 .ARM.attributes
                0x000001af       0x33 Src\AD7190.o
 .ARM.attributes
                0x000001e2       0x33 Src\Communication.o
 .ARM.attributes
                0x00000215       0x33 Src\TIME.o
 .ARM.attributes
                0x00000248       0x33 Src\main.o
 .ARM.attributes
                0x0000027b       0x33 Src\ssd1306.o
 .ARM.attributes
                0x000002ae       0x33 Src\stm32l1xx_hal_msp.o
 .ARM.attributes
                0x000002e1       0x33 Src\stm32l1xx_it.o
 .ARM.attributes
                0x00000314       0x33 Src\system_stm32l1xx.o
 .ARM.attributes
                0x00000347       0x21 startup\startup_stm32l152xe.o
 .ARM.attributes
                0x00000368       0x2d c:/program files (x86)/atollic/truestudio for arm 8.1.0/armtools/bin/../lib/gcc/arm-atollic-eabi/6.3.1/../../../../arm-atollic-eabi/lib/armv7-m\libc_nano.a(lib_a-init.o)
 .ARM.attributes
                0x00000395       0x2d c:/program files (x86)/atollic/truestudio for arm 8.1.0/armtools/bin/../lib/gcc/arm-atollic-eabi/6.3.1/../../../../arm-atollic-eabi/lib/armv7-m\libc_nano.a(lib_a-sprintf.o)
 .ARM.attributes
                0x000003c2       0x2d c:/program files (x86)/atollic/truestudio for arm 8.1.0/armtools/bin/../lib/gcc/arm-atollic-eabi/6.3.1/../../../../arm-atollic-eabi/lib/armv7-m\libc_nano.a(lib_a-impure.o)
 .ARM.attributes
                0x000003ef       0x2d c:/program files (x86)/atollic/truestudio for arm 8.1.0/armtools/bin/../lib/gcc/arm-atollic-eabi/6.3.1/../../../../arm-atollic-eabi/lib/armv7-m\libc_nano.a(lib_a-nano-svfprintf.o)
 .ARM.attributes
                0x0000041c       0x2d c:/program files (x86)/atollic/truestudio for arm 8.1.0/armtools/bin/../lib/gcc/arm-atollic-eabi/6.3.1/../../../../arm-atollic-eabi/lib/armv7-m\libc_nano.a(lib_a-nano-vfprintf_i.o)
 .ARM.attributes
                0x00000449       0x2d c:/program files (x86)/atollic/truestudio for arm 8.1.0/armtools/bin/../lib/gcc/arm-atollic-eabi/6.3.1/../../../../arm-atollic-eabi/lib/armv7-m\libc_nano.a(lib_a-memchr-stub.o)
 .ARM.attributes
                0x00000476       0x2d c:/program files (x86)/atollic/truestudio for arm 8.1.0/armtools/bin/../lib/gcc/arm-atollic-eabi/6.3.1/../../../../arm-atollic-eabi/lib/armv7-m\libc_nano.a(lib_a-memcpy-stub.o)
 .ARM.attributes
                0x000004a3       0x2d c:/program files (x86)/atollic/truestudio for arm 8.1.0/armtools/bin/../lib/gcc/arm-atollic-eabi/6.3.1/../../../../arm-atollic-eabi/lib/armv7-m\libc_nano.a(lib_a-memmove.o)
 .ARM.attributes
                0x000004d0       0x2d c:/program files (x86)/atollic/truestudio for arm 8.1.0/armtools/bin/../lib/gcc/arm-atollic-eabi/6.3.1/../../../../arm-atollic-eabi/lib/armv7-m\libc_nano.a(lib_a-nano-freer.o)
 .ARM.attributes
                0x000004fd       0x2d c:/program files (x86)/atollic/truestudio for arm 8.1.0/armtools/bin/../lib/gcc/arm-atollic-eabi/6.3.1/../../../../arm-atollic-eabi/lib/armv7-m\libc_nano.a(lib_a-nano-mallocr.o)
 .ARM.attributes
                0x0000052a       0x2d c:/program files (x86)/atollic/truestudio for arm 8.1.0/armtools/bin/../lib/gcc/arm-atollic-eabi/6.3.1/../../../../arm-atollic-eabi/lib/armv7-m\libc_nano.a(lib_a-nano-reallocr.o)
 .ARM.attributes
                0x00000557       0x2d c:/program files (x86)/atollic/truestudio for arm 8.1.0/armtools/bin/../lib/gcc/arm-atollic-eabi/6.3.1/../../../../arm-atollic-eabi/lib/armv7-m\libc_nano.a(lib_a-sbrkr.o)
 .ARM.attributes
                0x00000584       0x2d c:/program files (x86)/atollic/truestudio for arm 8.1.0/armtools/bin/../lib/gcc/arm-atollic-eabi/6.3.1/../../../../arm-atollic-eabi/lib/armv7-m\libc_nano.a(lib_a-mlock.o)
 .ARM.attributes
                0x000005b1       0x2d c:/program files (x86)/atollic/truestudio for arm 8.1.0/armtools/bin/../lib/gcc/arm-atollic-eabi/6.3.1/../../../../arm-atollic-eabi/lib/armv7-m\libc_nano.a(lib_a-nano-msizer.o)
 .ARM.attributes
                0x000005de       0x2d c:/program files (x86)/atollic/truestudio for arm 8.1.0/armtools/bin/../lib/gcc/arm-atollic-eabi/6.3.1/../../../../arm-atollic-eabi/lib/armv7-m\libc_nano.a(lib_a-reent.o)
 .ARM.attributes
                0x0000060b       0x2d c:/program files (x86)/atollic/truestudio for arm 8.1.0/armtools/bin/../lib/gcc/arm-atollic-eabi/6.3.1/../../../../arm-atollic-eabi/lib/armv7-m\libm.a(lib_a-w_pow.o)
 .ARM.attributes
                0x00000638       0x2d c:/program files (x86)/atollic/truestudio for arm 8.1.0/armtools/bin/../lib/gcc/arm-atollic-eabi/6.3.1/../../../../arm-atollic-eabi/lib/armv7-m\libm.a(lib_a-e_pow.o)
 .ARM.attributes
                0x00000665       0x2d c:/program files (x86)/atollic/truestudio for arm 8.1.0/armtools/bin/../lib/gcc/arm-atollic-eabi/6.3.1/../../../../arm-atollic-eabi/lib/armv7-m\libm.a(lib_a-e_sqrt.o)
 .ARM.attributes
                0x00000692       0x2d c:/program files (x86)/atollic/truestudio for arm 8.1.0/armtools/bin/../lib/gcc/arm-atollic-eabi/6.3.1/../../../../arm-atollic-eabi/lib/armv7-m\libm.a(lib_a-s_fabs.o)
 .ARM.attributes
                0x000006bf       0x2d c:/program files (x86)/atollic/truestudio for arm 8.1.0/armtools/bin/../lib/gcc/arm-atollic-eabi/6.3.1/../../../../arm-atollic-eabi/lib/armv7-m\libm.a(lib_a-s_finite.o)
 .ARM.attributes
                0x000006ec       0x2d c:/program files (x86)/atollic/truestudio for arm 8.1.0/armtools/bin/../lib/gcc/arm-atollic-eabi/6.3.1/../../../../arm-atollic-eabi/lib/armv7-m\libm.a(lib_a-s_lib_ver.o)
 .ARM.attributes
                0x00000719       0x2d c:/program files (x86)/atollic/truestudio for arm 8.1.0/armtools/bin/../lib/gcc/arm-atollic-eabi/6.3.1/../../../../arm-atollic-eabi/lib/armv7-m\libm.a(lib_a-s_matherr.o)
 .ARM.attributes
                0x00000746       0x2d c:/program files (x86)/atollic/truestudio for arm 8.1.0/armtools/bin/../lib/gcc/arm-atollic-eabi/6.3.1/../../../../arm-atollic-eabi/lib/armv7-m\libm.a(lib_a-s_nan.o)
 .ARM.attributes
                0x00000773       0x2d c:/program files (x86)/atollic/truestudio for arm 8.1.0/armtools/bin/../lib/gcc/arm-atollic-eabi/6.3.1/../../../../arm-atollic-eabi/lib/armv7-m\libm.a(lib_a-s_rint.o)
 .ARM.attributes
                0x000007a0       0x2d c:/program files (x86)/atollic/truestudio for arm 8.1.0/armtools/bin/../lib/gcc/arm-atollic-eabi/6.3.1/../../../../arm-atollic-eabi/lib/armv7-m\libm.a(lib_a-s_scalbn.o)
 .ARM.attributes
                0x000007cd       0x2d c:/program files (x86)/atollic/truestudio for arm 8.1.0/armtools/bin/../lib/gcc/arm-atollic-eabi/6.3.1/../../../../arm-atollic-eabi/lib/armv7-m\libm.a(lib_a-s_copysign.o)
 .ARM.attributes
                0x000007fa       0x2d c:/program files (x86)/atollic/truestudio for arm 8.1.0/armtools/bin/../lib/gcc/arm-atollic-eabi/6.3.1/../../../../arm-atollic-eabi/lib/armv7-m\libc_nano.a(lib_a-errno.o)
 .ARM.attributes
                0x00000827       0x1d c:/program files (x86)/atollic/truestudio for arm 8.1.0/armtools/bin/../lib/gcc/arm-atollic-eabi/6.3.1/armv7-m\libgcc.a(_arm_addsubdf3.o)
 .ARM.attributes
                0x00000844       0x1d c:/program files (x86)/atollic/truestudio for arm 8.1.0/armtools/bin/../lib/gcc/arm-atollic-eabi/6.3.1/armv7-m\libgcc.a(_arm_muldivdf3.o)
 .ARM.attributes
                0x00000861       0x1d c:/program files (x86)/atollic/truestudio for arm 8.1.0/armtools/bin/../lib/gcc/arm-atollic-eabi/6.3.1/armv7-m\libgcc.a(_arm_cmpdf2.o)
 .ARM.attributes
                0x0000087e       0x1d c:/program files (x86)/atollic/truestudio for arm 8.1.0/armtools/bin/../lib/gcc/arm-atollic-eabi/6.3.1/armv7-m\libgcc.a(_arm_unorddf2.o)
 .ARM.attributes
                0x0000089b       0x1d c:/program files (x86)/atollic/truestudio for arm 8.1.0/armtools/bin/../lib/gcc/arm-atollic-eabi/6.3.1/armv7-m\libgcc.a(_arm_fixunsdfsi.o)
 .ARM.attributes
                0x000008b8       0x1d c:/program files (x86)/atollic/truestudio for arm 8.1.0/armtools/bin/../lib/gcc/arm-atollic-eabi/6.3.1/armv7-m\libgcc.a(_arm_addsubsf3.o)
 .ARM.attributes
                0x000008d5       0x1d c:/program files (x86)/atollic/truestudio for arm 8.1.0/armtools/bin/../lib/gcc/arm-atollic-eabi/6.3.1/armv7-m\libgcc.a(_arm_muldivsf3.o)
 .ARM.attributes
                0x000008f2       0x1d c:/program files (x86)/atollic/truestudio for arm 8.1.0/armtools/bin/../lib/gcc/arm-atollic-eabi/6.3.1/armv7-m\libgcc.a(_arm_fixunssfsi.o)
 .ARM.attributes
                0x0000090f       0x2d c:/program files (x86)/atollic/truestudio for arm 8.1.0/armtools/bin/../lib/gcc/arm-atollic-eabi/6.3.1/../../../../arm-atollic-eabi/lib/armv7-m\libnosys.a(sbrk.o)
 .ARM.attributes
                0x0000093c       0x1d c:/program files (x86)/atollic/truestudio for arm 8.1.0/armtools/bin/../lib/gcc/arm-atollic-eabi/6.3.1/armv7-m/crtn.o
OUTPUT(adc_mult.elf elf32-littlearm)

.debug_info     0x00000000    0x1408e
 .debug_info    0x00000000      0xec3 Drivers\STM32L1xx_HAL_Driver\Src\stm32l1xx_hal.o
 .debug_info    0x00000ec3     0x16d1 Drivers\STM32L1xx_HAL_Driver\Src\stm32l1xx_hal_cortex.o
 .debug_info    0x00002594      0xe9c Drivers\STM32L1xx_HAL_Driver\Src\stm32l1xx_hal_gpio.o
 .debug_info    0x00003430     0x35b9 Drivers\STM32L1xx_HAL_Driver\Src\stm32l1xx_hal_i2c.o
 .debug_info    0x000069e9     0x1e5d Drivers\STM32L1xx_HAL_Driver\Src\stm32l1xx_hal_rcc.o
 .debug_info    0x00008846     0x1dc7 Drivers\STM32L1xx_HAL_Driver\Src\stm32l1xx_hal_spi.o
 .debug_info    0x0000a60d      0xe4d Drivers\STM32L1xx_HAL_Driver\Src\stm32l1xx_hal_spi_ex.o
 .debug_info    0x0000b45a     0x10f2 Src\AD7190.o
 .debug_info    0x0000c54c     0x100f Src\Communication.o
 .debug_info    0x0000d55b      0x9e7 Src\TIME.o
 .debug_info    0x0000df42     0x1d80 Src\main.o
 .debug_info    0x0000fcc2     0x164f Src\ssd1306.o
 .debug_info    0x00011311     0x166b Src\stm32l1xx_hal_msp.o
 .debug_info    0x0001297c      0x9ff Src\stm32l1xx_it.o
 .debug_info    0x0001337b      0xc69 Src\system_stm32l1xx.o
 .debug_info    0x00013fe4       0xaa startup\startup_stm32l152xe.o

.debug_abbrev   0x00000000     0x28d7
 .debug_abbrev  0x00000000      0x2a4 Drivers\STM32L1xx_HAL_Driver\Src\stm32l1xx_hal.o
 .debug_abbrev  0x000002a4      0x386 Drivers\STM32L1xx_HAL_Driver\Src\stm32l1xx_hal_cortex.o
 .debug_abbrev  0x0000062a      0x268 Drivers\STM32L1xx_HAL_Driver\Src\stm32l1xx_hal_gpio.o
 .debug_abbrev  0x00000892      0x396 Drivers\STM32L1xx_HAL_Driver\Src\stm32l1xx_hal_i2c.o
 .debug_abbrev  0x00000c28      0x37e Drivers\STM32L1xx_HAL_Driver\Src\stm32l1xx_hal_rcc.o
 .debug_abbrev  0x00000fa6      0x388 Drivers\STM32L1xx_HAL_Driver\Src\stm32l1xx_hal_spi.o
 .debug_abbrev  0x0000132e      0x1d8 Drivers\STM32L1xx_HAL_Driver\Src\stm32l1xx_hal_spi_ex.o
 .debug_abbrev  0x00001506      0x2c9 Src\AD7190.o
 .debug_abbrev  0x000017cf      0x25c Src\Communication.o
 .debug_abbrev  0x00001a2b      0x1e9 Src\TIME.o
 .debug_abbrev  0x00001c14      0x366 Src\main.o
 .debug_abbrev  0x00001f7a      0x378 Src\ssd1306.o
 .debug_abbrev  0x000022f2      0x21d Src\stm32l1xx_hal_msp.o
 .debug_abbrev  0x0000250f      0x1ec Src\stm32l1xx_it.o
 .debug_abbrev  0x000026fb      0x1ca Src\system_stm32l1xx.o
 .debug_abbrev  0x000028c5       0x12 startup\startup_stm32l152xe.o

.debug_loc      0x00000000     0x562f
 .debug_loc     0x00000000       0x6a Drivers\STM32L1xx_HAL_Driver\Src\stm32l1xx_hal.o
 .debug_loc     0x0000006a      0x48c Drivers\STM32L1xx_HAL_Driver\Src\stm32l1xx_hal_cortex.o
 .debug_loc     0x000004f6      0x319 Drivers\STM32L1xx_HAL_Driver\Src\stm32l1xx_hal_gpio.o
 .debug_loc     0x0000080f     0x25b8 Drivers\STM32L1xx_HAL_Driver\Src\stm32l1xx_hal_i2c.o
 .debug_loc     0x00002dc7      0xaf6 Drivers\STM32L1xx_HAL_Driver\Src\stm32l1xx_hal_rcc.o
 .debug_loc     0x000038bd      0xffd Drivers\STM32L1xx_HAL_Driver\Src\stm32l1xx_hal_spi.o
 .debug_loc     0x000048ba       0x34 Drivers\STM32L1xx_HAL_Driver\Src\stm32l1xx_hal_spi_ex.o
 .debug_loc     0x000048ee      0x57f Src\AD7190.o
 .debug_loc     0x00004e6d      0x15a Src\Communication.o
 .debug_loc     0x00004fc7       0x21 Src\TIME.o
 .debug_loc     0x00004fe8      0x1a6 Src\main.o
 .debug_loc     0x0000518e      0x2d2 Src\ssd1306.o
 .debug_loc     0x00005460       0x9a Src\stm32l1xx_hal_msp.o
 .debug_loc     0x000054fa      0x135 Src\system_stm32l1xx.o

.debug_aranges  0x00000000      0x770
 .debug_aranges
                0x00000000       0xa8 Drivers\STM32L1xx_HAL_Driver\Src\stm32l1xx_hal.o
 .debug_aranges
                0x000000a8       0xa8 Drivers\STM32L1xx_HAL_Driver\Src\stm32l1xx_hal_cortex.o
 .debug_aranges
                0x00000150       0x58 Drivers\STM32L1xx_HAL_Driver\Src\stm32l1xx_hal_gpio.o
 .debug_aranges
                0x000001a8      0x190 Drivers\STM32L1xx_HAL_Driver\Src\stm32l1xx_hal_i2c.o
 .debug_aranges
                0x00000338       0x90 Drivers\STM32L1xx_HAL_Driver\Src\stm32l1xx_hal_rcc.o
 .debug_aranges
                0x000003c8      0x108 Drivers\STM32L1xx_HAL_Driver\Src\stm32l1xx_hal_spi.o
 .debug_aranges
                0x000004d0       0x20 Drivers\STM32L1xx_HAL_Driver\Src\stm32l1xx_hal_spi_ex.o
 .debug_aranges
                0x000004f0       0x78 Src\AD7190.o
 .debug_aranges
                0x00000568       0x40 Src\Communication.o
 .debug_aranges
                0x000005a8       0x40 Src\TIME.o
 .debug_aranges
                0x000005e8       0x38 Src\main.o
 .debug_aranges
                0x00000620       0x78 Src\ssd1306.o
 .debug_aranges
                0x00000698       0x40 Src\stm32l1xx_hal_msp.o
 .debug_aranges
                0x000006d8       0x48 Src\stm32l1xx_it.o
 .debug_aranges
                0x00000720       0x28 Src\system_stm32l1xx.o
 .debug_aranges
                0x00000748       0x28 startup\startup_stm32l152xe.o

.debug_ranges   0x00000000      0xd28
 .debug_ranges  0x00000000       0x98 Drivers\STM32L1xx_HAL_Driver\Src\stm32l1xx_hal.o
 .debug_ranges  0x00000098      0x140 Drivers\STM32L1xx_HAL_Driver\Src\stm32l1xx_hal_cortex.o
 .debug_ranges  0x000001d8       0x68 Drivers\STM32L1xx_HAL_Driver\Src\stm32l1xx_hal_gpio.o
 .debug_ranges  0x00000240      0x418 Drivers\STM32L1xx_HAL_Driver\Src\stm32l1xx_hal_i2c.o
 .debug_ranges  0x00000658      0x2a8 Drivers\STM32L1xx_HAL_Driver\Src\stm32l1xx_hal_rcc.o
 .debug_ranges  0x00000900      0x150 Drivers\STM32L1xx_HAL_Driver\Src\stm32l1xx_hal_spi.o
 .debug_ranges  0x00000a50       0x10 Drivers\STM32L1xx_HAL_Driver\Src\stm32l1xx_hal_spi_ex.o
 .debug_ranges  0x00000a60       0x68 Src\AD7190.o
 .debug_ranges  0x00000ac8       0x30 Src\Communication.o
 .debug_ranges  0x00000af8       0x30 Src\TIME.o
 .debug_ranges  0x00000b28       0xa0 Src\main.o
 .debug_ranges  0x00000bc8       0x88 Src\ssd1306.o
 .debug_ranges  0x00000c50       0x68 Src\stm32l1xx_hal_msp.o
 .debug_ranges  0x00000cb8       0x38 Src\stm32l1xx_it.o
 .debug_ranges  0x00000cf0       0x18 Src\system_stm32l1xx.o
 .debug_ranges  0x00000d08       0x20 startup\startup_stm32l152xe.o

.debug_line     0x00000000     0x5bfe
 .debug_line    0x00000000      0x3e7 Drivers\STM32L1xx_HAL_Driver\Src\stm32l1xx_hal.o
 .debug_line    0x000003e7      0x4de Drivers\STM32L1xx_HAL_Driver\Src\stm32l1xx_hal_cortex.o
 .debug_line    0x000008c5      0x472 Drivers\STM32L1xx_HAL_Driver\Src\stm32l1xx_hal_gpio.o
 .debug_line    0x00000d37     0x19ab Drivers\STM32L1xx_HAL_Driver\Src\stm32l1xx_hal_i2c.o
 .debug_line    0x000026e2      0xa2e Drivers\STM32L1xx_HAL_Driver\Src\stm32l1xx_hal_rcc.o
 .debug_line    0x00003110      0xc25 Drivers\STM32L1xx_HAL_Driver\Src\stm32l1xx_hal_spi.o
 .debug_line    0x00003d35      0x2ea Drivers\STM32L1xx_HAL_Driver\Src\stm32l1xx_hal_spi_ex.o
 .debug_line    0x0000401f      0x3eb Src\AD7190.o
 .debug_line    0x0000440a      0x2f8 Src\Communication.o
 .debug_line    0x00004702      0x297 Src\TIME.o
 .debug_line    0x00004999      0x4f3 Src\main.o
 .debug_line    0x00004e8c      0x43b Src\ssd1306.o
 .debug_line    0x000052c7      0x373 Src\stm32l1xx_hal_msp.o
 .debug_line    0x0000563a      0x2cb Src\stm32l1xx_it.o
 .debug_line    0x00005905      0x27c Src\system_stm32l1xx.o
 .debug_line    0x00005b81       0x7d startup\startup_stm32l152xe.o

.debug_str      0x00000000     0x2cc0
 .debug_str     0x00000000      0xbe4 Drivers\STM32L1xx_HAL_Driver\Src\stm32l1xx_hal.o
                                0xc79 (size before relaxing)
 .debug_str     0x00000be4      0x3f5 Drivers\STM32L1xx_HAL_Driver\Src\stm32l1xx_hal_cortex.o
                                0xf1b (size before relaxing)
 .debug_str     0x00000fd9      0x1c7 Drivers\STM32L1xx_HAL_Driver\Src\stm32l1xx_hal_gpio.o
                                0x8d1 (size before relaxing)
 .debug_str     0x000011a0      0xbec Drivers\STM32L1xx_HAL_Driver\Src\stm32l1xx_hal_i2c.o
                               0x1304 (size before relaxing)
 .debug_str     0x00001d8c      0x37d Drivers\STM32L1xx_HAL_Driver\Src\stm32l1xx_hal_rcc.o
                                0xb3f (size before relaxing)
 .debug_str     0x00002109      0x537 Drivers\STM32L1xx_HAL_Driver\Src\stm32l1xx_hal_spi.o
                                0xe29 (size before relaxing)
 .debug_str     0x00002640       0x3b Drivers\STM32L1xx_HAL_Driver\Src\stm32l1xx_hal_spi_ex.o
                                0xa88 (size before relaxing)
 .debug_str     0x0000267b      0x22b Src\AD7190.o
                                0x90c (size before relaxing)
 .debug_str     0x000028a6       0x83 Src\Communication.o
                                0xacd (size before relaxing)
 .debug_str     0x00002929       0x58 Src\TIME.o
                                0x6af (size before relaxing)
 .debug_str     0x00002981      0x180 Src\main.o
                               0x14c3 (size before relaxing)
 .debug_str     0x00002b01       0xa2 Src\ssd1306.o
                                0xc3f (size before relaxing)
 .debug_str     0x00002ba3       0x1b Src\stm32l1xx_hal_msp.o
                               0x115a (size before relaxing)
 .debug_str     0x00002bbe       0xa6 Src\stm32l1xx_it.o
                                0x709 (size before relaxing)
 .debug_str     0x00002c64       0x5c Src\system_stm32l1xx.o
                                0x75f (size before relaxing)

.comment        0x00000000       0x7c
 .comment       0x00000000       0x7c Drivers\STM32L1xx_HAL_Driver\Src\stm32l1xx_hal.o
                                 0x7d (size before relaxing)
 .comment       0x0000007c       0x7d Drivers\STM32L1xx_HAL_Driver\Src\stm32l1xx_hal_cortex.o
 .comment       0x0000007c       0x7d Drivers\STM32L1xx_HAL_Driver\Src\stm32l1xx_hal_gpio.o
 .comment       0x0000007c       0x7d Drivers\STM32L1xx_HAL_Driver\Src\stm32l1xx_hal_i2c.o
 .comment       0x0000007c       0x7d Drivers\STM32L1xx_HAL_Driver\Src\stm32l1xx_hal_rcc.o
 .comment       0x0000007c       0x7d Drivers\STM32L1xx_HAL_Driver\Src\stm32l1xx_hal_spi.o
 .comment       0x0000007c       0x7d Drivers\STM32L1xx_HAL_Driver\Src\stm32l1xx_hal_spi_ex.o
 .comment       0x0000007c       0x7d Src\AD7190.o
 .comment       0x0000007c       0x7d Src\Communication.o
 .comment       0x0000007c       0x7d Src\TIME.o
 .comment       0x0000007c       0x7d Src\main.o
 .comment       0x0000007c       0x7d Src\ssd1306.o
 .comment       0x0000007c       0x7d Src\stm32l1xx_hal_msp.o
 .comment       0x0000007c       0x7d Src\stm32l1xx_it.o
 .comment       0x0000007c       0x7d Src\system_stm32l1xx.o

.debug_frame    0x00000000     0x1ce0
 .debug_frame   0x00000000      0x164 Drivers\STM32L1xx_HAL_Driver\Src\stm32l1xx_hal.o
 .debug_frame   0x00000164      0x158 Drivers\STM32L1xx_HAL_Driver\Src\stm32l1xx_hal_cortex.o
 .debug_frame   0x000002bc       0xd4 Drivers\STM32L1xx_HAL_Driver\Src\stm32l1xx_hal_gpio.o
 .debug_frame   0x00000390      0x678 Drivers\STM32L1xx_HAL_Driver\Src\stm32l1xx_hal_i2c.o
 .debug_frame   0x00000a08      0x160 Drivers\STM32L1xx_HAL_Driver\Src\stm32l1xx_hal_rcc.o
 .debug_frame   0x00000b68      0x398 Drivers\STM32L1xx_HAL_Driver\Src\stm32l1xx_hal_spi.o
 .debug_frame   0x00000f00       0x28 Drivers\STM32L1xx_HAL_Driver\Src\stm32l1xx_hal_spi_ex.o
 .debug_frame   0x00000f28      0x168 Src\AD7190.o
 .debug_frame   0x00001090       0x84 Src\Communication.o
 .debug_frame   0x00001114       0x60 Src\TIME.o
 .debug_frame   0x00001174       0x88 Src\main.o
 .debug_frame   0x000011fc      0x144 Src\ssd1306.o
 .debug_frame   0x00001340       0x7c Src\stm32l1xx_hal_msp.o
 .debug_frame   0x000013bc       0xac Src\stm32l1xx_it.o
 .debug_frame   0x00001468       0x38 Src\system_stm32l1xx.o
 .debug_frame   0x000014a0       0x2c c:/program files (x86)/atollic/truestudio for arm 8.1.0/armtools/bin/../lib/gcc/arm-atollic-eabi/6.3.1/../../../../arm-atollic-eabi/lib/armv7-m\libc_nano.a(lib_a-init.o)
 .debug_frame   0x000014cc       0x70 c:/program files (x86)/atollic/truestudio for arm 8.1.0/armtools/bin/../lib/gcc/arm-atollic-eabi/6.3.1/../../../../arm-atollic-eabi/lib/armv7-m\libc_nano.a(lib_a-sprintf.o)
 .debug_frame   0x0000153c       0x90 c:/program files (x86)/atollic/truestudio for arm 8.1.0/armtools/bin/../lib/gcc/arm-atollic-eabi/6.3.1/../../../../arm-atollic-eabi/lib/armv7-m\libc_nano.a(lib_a-nano-svfprintf.o)
 .debug_frame   0x000015cc       0x60 c:/program files (x86)/atollic/truestudio for arm 8.1.0/armtools/bin/../lib/gcc/arm-atollic-eabi/6.3.1/../../../../arm-atollic-eabi/lib/armv7-m\libc_nano.a(lib_a-nano-vfprintf_i.o)
 .debug_frame   0x0000162c       0x28 c:/program files (x86)/atollic/truestudio for arm 8.1.0/armtools/bin/../lib/gcc/arm-atollic-eabi/6.3.1/../../../../arm-atollic-eabi/lib/armv7-m\libc_nano.a(lib_a-memchr-stub.o)
 .debug_frame   0x00001654       0x28 c:/program files (x86)/atollic/truestudio for arm 8.1.0/armtools/bin/../lib/gcc/arm-atollic-eabi/6.3.1/../../../../arm-atollic-eabi/lib/armv7-m\libc_nano.a(lib_a-memcpy-stub.o)
 .debug_frame   0x0000167c       0x28 c:/program files (x86)/atollic/truestudio for arm 8.1.0/armtools/bin/../lib/gcc/arm-atollic-eabi/6.3.1/../../../../arm-atollic-eabi/lib/armv7-m\libc_nano.a(lib_a-memmove.o)
 .debug_frame   0x000016a4       0x38 c:/program files (x86)/atollic/truestudio for arm 8.1.0/armtools/bin/../lib/gcc/arm-atollic-eabi/6.3.1/../../../../arm-atollic-eabi/lib/armv7-m\libc_nano.a(lib_a-nano-freer.o)
 .debug_frame   0x000016dc       0x2c c:/program files (x86)/atollic/truestudio for arm 8.1.0/armtools/bin/../lib/gcc/arm-atollic-eabi/6.3.1/../../../../arm-atollic-eabi/lib/armv7-m\libc_nano.a(lib_a-nano-mallocr.o)
 .debug_frame   0x00001708       0x3c c:/program files (x86)/atollic/truestudio for arm 8.1.0/armtools/bin/../lib/gcc/arm-atollic-eabi/6.3.1/../../../../arm-atollic-eabi/lib/armv7-m\libc_nano.a(lib_a-nano-reallocr.o)
 .debug_frame   0x00001744       0x2c c:/program files (x86)/atollic/truestudio for arm 8.1.0/armtools/bin/../lib/gcc/arm-atollic-eabi/6.3.1/../../../../arm-atollic-eabi/lib/armv7-m\libc_nano.a(lib_a-sbrkr.o)
 .debug_frame   0x00001770       0x30 c:/program files (x86)/atollic/truestudio for arm 8.1.0/armtools/bin/../lib/gcc/arm-atollic-eabi/6.3.1/../../../../arm-atollic-eabi/lib/armv7-m\libc_nano.a(lib_a-mlock.o)
 .debug_frame   0x000017a0       0x20 c:/program files (x86)/atollic/truestudio for arm 8.1.0/armtools/bin/../lib/gcc/arm-atollic-eabi/6.3.1/../../../../arm-atollic-eabi/lib/armv7-m\libc_nano.a(lib_a-nano-msizer.o)
 .debug_frame   0x000017c0       0x5c c:/program files (x86)/atollic/truestudio for arm 8.1.0/armtools/bin/../lib/gcc/arm-atollic-eabi/6.3.1/../../../../arm-atollic-eabi/lib/armv7-m\libc_nano.a(lib_a-reent.o)
 .debug_frame   0x0000181c       0x40 c:/program files (x86)/atollic/truestudio for arm 8.1.0/armtools/bin/../lib/gcc/arm-atollic-eabi/6.3.1/../../../../arm-atollic-eabi/lib/armv7-m\libm.a(lib_a-w_pow.o)
 .debug_frame   0x0000185c       0x64 c:/program files (x86)/atollic/truestudio for arm 8.1.0/armtools/bin/../lib/gcc/arm-atollic-eabi/6.3.1/../../../../arm-atollic-eabi/lib/armv7-m\libm.a(lib_a-e_pow.o)
 .debug_frame   0x000018c0       0x30 c:/program files (x86)/atollic/truestudio for arm 8.1.0/armtools/bin/../lib/gcc/arm-atollic-eabi/6.3.1/../../../../arm-atollic-eabi/lib/armv7-m\libm.a(lib_a-e_sqrt.o)
 .debug_frame   0x000018f0       0x20 c:/program files (x86)/atollic/truestudio for arm 8.1.0/armtools/bin/../lib/gcc/arm-atollic-eabi/6.3.1/../../../../arm-atollic-eabi/lib/armv7-m\libm.a(lib_a-s_fabs.o)
 .debug_frame   0x00001910       0x20 c:/program files (x86)/atollic/truestudio for arm 8.1.0/armtools/bin/../lib/gcc/arm-atollic-eabi/6.3.1/../../../../arm-atollic-eabi/lib/armv7-m\libm.a(lib_a-s_finite.o)
 .debug_frame   0x00001930       0x20 c:/program files (x86)/atollic/truestudio for arm 8.1.0/armtools/bin/../lib/gcc/arm-atollic-eabi/6.3.1/../../../../arm-atollic-eabi/lib/armv7-m\libm.a(lib_a-s_matherr.o)
 .debug_frame   0x00001950       0x20 c:/program files (x86)/atollic/truestudio for arm 8.1.0/armtools/bin/../lib/gcc/arm-atollic-eabi/6.3.1/../../../../arm-atollic-eabi/lib/armv7-m\libm.a(lib_a-s_nan.o)
 .debug_frame   0x00001970       0x34 c:/program files (x86)/atollic/truestudio for arm 8.1.0/armtools/bin/../lib/gcc/arm-atollic-eabi/6.3.1/../../../../arm-atollic-eabi/lib/armv7-m\libm.a(lib_a-s_rint.o)
 .debug_frame   0x000019a4       0x30 c:/program files (x86)/atollic/truestudio for arm 8.1.0/armtools/bin/../lib/gcc/arm-atollic-eabi/6.3.1/../../../../arm-atollic-eabi/lib/armv7-m\libm.a(lib_a-s_scalbn.o)
 .debug_frame   0x000019d4       0x20 c:/program files (x86)/atollic/truestudio for arm 8.1.0/armtools/bin/../lib/gcc/arm-atollic-eabi/6.3.1/../../../../arm-atollic-eabi/lib/armv7-m\libm.a(lib_a-s_copysign.o)
 .debug_frame   0x000019f4       0x20 c:/program files (x86)/atollic/truestudio for arm 8.1.0/armtools/bin/../lib/gcc/arm-atollic-eabi/6.3.1/../../../../arm-atollic-eabi/lib/armv7-m\libc_nano.a(lib_a-errno.o)
 .debug_frame   0x00001a14       0xac c:/program files (x86)/atollic/truestudio for arm 8.1.0/armtools/bin/../lib/gcc/arm-atollic-eabi/6.3.1/armv7-m\libgcc.a(_arm_addsubdf3.o)
 .debug_frame   0x00001ac0       0x50 c:/program files (x86)/atollic/truestudio for arm 8.1.0/armtools/bin/../lib/gcc/arm-atollic-eabi/6.3.1/armv7-m\libgcc.a(_arm_muldivdf3.o)
 .debug_frame   0x00001b10       0xc4 c:/program files (x86)/atollic/truestudio for arm 8.1.0/armtools/bin/../lib/gcc/arm-atollic-eabi/6.3.1/armv7-m\libgcc.a(_arm_cmpdf2.o)
 .debug_frame   0x00001bd4       0x20 c:/program files (x86)/atollic/truestudio for arm 8.1.0/armtools/bin/../lib/gcc/arm-atollic-eabi/6.3.1/armv7-m\libgcc.a(_arm_unorddf2.o)
 .debug_frame   0x00001bf4       0x24 c:/program files (x86)/atollic/truestudio for arm 8.1.0/armtools/bin/../lib/gcc/arm-atollic-eabi/6.3.1/armv7-m\libgcc.a(_arm_fixunsdfsi.o)
 .debug_frame   0x00001c18       0x4c c:/program files (x86)/atollic/truestudio for arm 8.1.0/armtools/bin/../lib/gcc/arm-atollic-eabi/6.3.1/armv7-m\libgcc.a(_arm_addsubsf3.o)
 .debug_frame   0x00001c64       0x38 c:/program files (x86)/atollic/truestudio for arm 8.1.0/armtools/bin/../lib/gcc/arm-atollic-eabi/6.3.1/armv7-m\libgcc.a(_arm_muldivsf3.o)
 .debug_frame   0x00001c9c       0x24 c:/program files (x86)/atollic/truestudio for arm 8.1.0/armtools/bin/../lib/gcc/arm-atollic-eabi/6.3.1/armv7-m\libgcc.a(_arm_fixunssfsi.o)
 .debug_frame   0x00001cc0       0x20 c:/program files (x86)/atollic/truestudio for arm 8.1.0/armtools/bin/../lib/gcc/arm-atollic-eabi/6.3.1/../../../../arm-atollic-eabi/lib/armv7-m\libnosys.a(sbrk.o)
