stm32l1xx_hal_spi.c:2176:26:SPI_WaitOnFlagUntilTimeout	24	static
stm32l1xx_hal_spi.c:181:26:HAL_SPI_Init	0	static
stm32l1xx_hal_spi.c:224:14:HAL_SPI_MspInit	0	static
stm32l1xx_hal_spi.c:240:14:HAL_SPI_MspDeInit	0	static
stm32l1xx_hal_spi.c:195:19:HAL_SPI_DeInit	8	static
stm32l1xx_hal_spi.c:295:19:HAL_SPI_Transmit	24	static
stm32l1xx_hal_spi.c:613:19:HAL_SPI_TransmitReceive	24	static
stm32l1xx_hal_spi.c:438:19:HAL_SPI_Receive	32	static
stm32l1xx_hal_spi.c:862:19:HAL_SPI_Transmit_IT	8	static
stm32l1xx_hal_spi.c:1019:19:HAL_SPI_TransmitReceive_IT	8	static
stm32l1xx_hal_spi.c:938:19:HAL_SPI_Receive_IT	12	static
stm32l1xx_hal_spi.c:1090:19:HAL_SPI_Transmit_DMA	8	static
stm32l1xx_hal_spi.c:1264:19:HAL_SPI_TransmitReceive_DMA	16	static
stm32l1xx_hal_spi.c:1174:19:HAL_SPI_Receive_DMA	16	static
stm32l1xx_hal_spi.c:1375:19:HAL_SPI_DMAPause	0	static
stm32l1xx_hal_spi.c:1396:19:HAL_SPI_DMAResume	0	static
stm32l1xx_hal_spi.c:1417:19:HAL_SPI_DMAStop	8	static
stm32l1xx_hal_spi.c:1515:13:HAL_SPI_TxCpltCallback	0	static
stm32l1xx_hal_spi.c:1531:13:HAL_SPI_RxCpltCallback	0	static
stm32l1xx_hal_spi.c:1547:13:HAL_SPI_TxRxCpltCallback	0	static
stm32l1xx_hal_spi.c:1563:13:HAL_SPI_TxHalfCpltCallback	0	static
stm32l1xx_hal_spi.c:2118:13:SPI_DMAHalfTransmitCplt	8	static
stm32l1xx_hal_spi.c:1579:13:HAL_SPI_RxHalfCpltCallback	0	static
stm32l1xx_hal_spi.c:2131:13:SPI_DMAHalfReceiveCplt	8	static
stm32l1xx_hal_spi.c:1595:13:HAL_SPI_TxRxHalfCpltCallback	0	static
stm32l1xx_hal_spi.c:2144:13:SPI_DMAHalfTransmitReceiveCplt	8	static
stm32l1xx_hal_spi.c:1611:14:HAL_SPI_ErrorCallback	0	static
stm32l1xx_hal_spi.c:1746:13:SPI_TxISR	16	static
stm32l1xx_hal_spi.c:1778:13:SPI_RxCloseIRQHandler	16	static
stm32l1xx_hal_spi.c:1885:13:SPI_RxISR	0	static
stm32l1xx_hal_spi.c:1858:13:SPI_2LinesRxISR	0	static
stm32l1xx_hal_spi.c:2157:13:SPI_DMAError	8	static
stm32l1xx_hal_spi.c:1919:13:SPI_DMATransmitCplt	16	static
stm32l1xx_hal_spi.c:1968:13:SPI_DMAReceiveCplt	16	static
stm32l1xx_hal_spi.c:2041:13:SPI_DMATransmitReceiveCplt	16	static
stm32l1xx_hal_spi.c:1451:6:HAL_SPI_IRQHandler	24	static
stm32l1xx_hal_spi.c:1648:22:HAL_SPI_GetState	0	static
stm32l1xx_hal_spi.c:1659:10:HAL_SPI_GetError	0	static
